// Jest Snapshot v1, https://goo.gl/fbAQLP

exports[`GifCard test should match snapshot 1`] = `
<div>
  <div
    class="card"
  >
    <img
      alt="pipipi"
      src="yipee"
    />
    <p>
      pipipi
    </p>
  </div>
</div>
`;
